// Jest Snapshot v1, https://goo.gl/fbAQLP

exports[`Alert Renderer should render correctly 1`] = `
Array [
  <TransitionGroup
    childFactory={[Function]}
    className="__rta_pos_common __rta_pos_bottom"
    component="div"
    key="__rta_key_pos_bottom"
  />,
  <TransitionGroup
    childFactory={[Function]}
    className="__rta_pos_common __rta_pos_top"
    component="div"
    key="__rta_key_pos_top"
  />,
  <TransitionGroup
    childFactory={[Function]}
    className="__rta_pos_common __rta_pos_top-left"
    component="div"
    key="__rta_key_pos_top-left"
  />,
  <TransitionGroup
    childFactory={[Function]}
    className="__rta_pos_common __rta_pos_top-right"
    component="div"
    key="__rta_key_pos_top-right"
  />,
  <TransitionGroup
    childFactory={[Function]}
    className="__rta_pos_common __rta_pos_bottom-left"
    component="div"
    key="__rta_key_pos_bottom-left"
  />,
  <TransitionGroup
    childFactory={[Function]}
    className="__rta_pos_common __rta_pos_bottom-right"
    component="div"
    key="__rta_key_pos_bottom-right"
  />,
  <TransitionGroup
    childFactory={[Function]}
    className="__rta_pos_common __rta_pos_bottom-full"
    component="div"
    key="__rta_key_pos_bottom-full"
  />,
  <TransitionGroup
    childFactory={[Function]}
    className="__rta_pos_common __rta_pos_top-full"
    component="div"
    key="__rta_key_pos_top-full"
  />,
]
`;
